[cavistar.websitelayout.net/html/index.html]
[backblue.gif]
[fade.gif]
[index.html]
[cavistar.websitelayout.net/html/assets/img/favicon.ico]
[cavistar.websitelayout.net/html/assets/libs/font-awesome/css/fontawesome-all.min.css]
[cavistar.websitelayout.net/html/assets/libs/jarallax/dist/jarallax.css]
[cavistar.websitelayout.net/html/assets/libs/owl-carousel/dist/css/owl.carousel.min.css]
[cavistar.websitelayout.net/html/assets/libs/owl-carousel/dist/css/owl.theme.default.min.css]
[cavistar.websitelayout.net/html/assets/libs/quform/css/base.css]
[cavistar.websitelayout.net/html/assets/css/theme.css]
[cavistar.websitelayout.net/html/business.html]
[cavistar.websitelayout.net/html/startup.html]
[cavistar.websitelayout.net/html/classic.html]
[cavistar.websitelayout.net/html/marketing.html]
[cavistar.websitelayout.net/html/saas.html]
[cavistar.websitelayout.net/html/mobile-app.html]
[cavistar.websitelayout.net/html/assets/img/content/mega-menu-bg.jpg]
[cavistar.websitelayout.net/html/about.html]
[cavistar.websitelayout.net/html/about-2.html]
[cavistar.websitelayout.net/html/careers.html]
[cavistar.websitelayout.net/html/career-single.html]
[cavistar.websitelayout.net/html/case-study.html]
[cavistar.websitelayout.net/html/help-center-home.html]
[cavistar.websitelayout.net/html/help-center-category.html]
[cavistar.websitelayout.net/html/help-center-article.html]
[cavistar.websitelayout.net/html/pricing-1.html]
[cavistar.websitelayout.net/html/pricing-2.html]
[cavistar.websitelayout.net/html/account-settings.html]
[cavistar.websitelayout.net/html/account-invoice.html]
[cavistar.websitelayout.net/html/login.html]
[cavistar.websitelayout.net/html/login-cover.html]
[cavistar.websitelayout.net/html/register.html]
[cavistar.websitelayout.net/html/register-cover.html]
[cavistar.websitelayout.net/html/password-recovery.html]
[cavistar.websitelayout.net/html/password-recovery-cover.html]
[cavistar.websitelayout.net/html/coming-soon.html]
[cavistar.websitelayout.net/html/legal-terms.html]
[cavistar.websitelayout.net/html/404.html]
[cavistar.websitelayout.net/html/blog-grid.html]
[cavistar.websitelayout.net/html/blog-detail.html]
[cavistar.websitelayout.net/html/contact.html]
[cavistar.websitelayout.net/html/contact-2.html]
[cavistar.websitelayout.net/html/assets/img/banner/slide-01.jpg]
[cavistar.websitelayout.net/html/assets/img/banner/slide-02.jpg]
[cavistar.websitelayout.net/html/assets/img/banner/slide-03.jpg]
[cavistar.websitelayout.net/html/assets/img/content/about-05.jpg]
[cavistar.websitelayout.net/html/assets/img/partners/01.png]
[cavistar.websitelayout.net/html/assets/img/partners/02.png]
[cavistar.websitelayout.net/html/assets/img/partners/03.png]
[cavistar.websitelayout.net/html/assets/img/partners/04.png]
[cavistar.websitelayout.net/html/assets/img/partners/05.png]
[cavistar.websitelayout.net/html/assets/img/avatar/avatar-04.jpg]
[cavistar.websitelayout.net/html/assets/img/avatar/avatar-05.jpg]
[cavistar.websitelayout.net/html/assets/img/avatar/avatar-06.jpg]
[cavistar.websitelayout.net/html/assets/img/blog/blog-03.jpg]
[cavistar.websitelayout.net/html/assets/img/avatar/avatar-01.jpg]
[cavistar.websitelayout.net/html/assets/img/blog/blog-04.jpg]
[cavistar.websitelayout.net/html/assets/img/avatar/avatar-02.jpg]
[cavistar.websitelayout.net/html/assets/libs/jquery/dist/jquery.min.js]
[cavistar.websitelayout.net/html/assets/libs/jquery/dist/jquery-migrate.min.js]
[cavistar.websitelayout.net/html/assets/libs/popper.js/dist/umd/popper.min.js]
[cavistar.websitelayout.net/html/assets/libs/bootstrap/dist/js/bootstrap.min.js]
[cavistar.websitelayout.net/html/assets/libs/svg-injector/dist/svg-injector.min.js]
[cavistar.websitelayout.net/html/assets/libs/owl-carousel/dist/js/owl.carousel.min.js]
[cavistar.websitelayout.net/html/assets/libs/jarallax/dist/jarallax.min.js]
[cavistar.websitelayout.net/html/assets/libs/quform/js/plugins.js]
[cavistar.websitelayout.net/html/assets/libs/quform/js/scripts.js]
[cavistar.websitelayout.net/html/assets/js/theme.js]
[cavistar.websitelayout.net/html/index.html]
[cavistar.websitelayout.net/html/assets/libs/font-awesome/webfonts/fa-brands-400.eot]
[cavistar.websitelayout.net/html/assets/libs/font-awesome/webfonts/fa-brands-400d41d.eot]
[cavistar.websitelayout.net/html/assets/libs/font-awesome/webfonts/fa-brands-400.woff2]
[cavistar.websitelayout.net/html/assets/libs/font-awesome/webfonts/fa-brands-400.woff]
[cavistar.websitelayout.net/html/assets/libs/font-awesome/webfonts/fa-brands-400.ttf]
[cavistar.websitelayout.net/html/assets/libs/font-awesome/webfonts/fa-regular-400.eot]
[cavistar.websitelayout.net/html/assets/libs/font-awesome/webfonts/fa-regular-400d41d.eot]
[cavistar.websitelayout.net/html/assets/libs/font-awesome/webfonts/fa-regular-400.woff2]
[cavistar.websitelayout.net/html/assets/libs/font-awesome/webfonts/fa-regular-400.woff]
[cavistar.websitelayout.net/html/assets/libs/font-awesome/webfonts/fa-regular-400.ttf]
[cavistar.websitelayout.net/html/assets/libs/font-awesome/webfonts/fa-solid-900.eot]
[cavistar.websitelayout.net/html/assets/libs/font-awesome/webfonts/fa-solid-900d41d.eot]
[cavistar.websitelayout.net/html/assets/libs/font-awesome/webfonts/fa-solid-900.woff2]
[cavistar.websitelayout.net/html/assets/libs/font-awesome/webfonts/fa-solid-900.woff]
[cavistar.websitelayout.net/html/assets/libs/font-awesome/webfonts/fa-solid-900.ttf]
[cavistar.websitelayout.net/html/assets/libs/font-awesome/css/fontawesome-all.min.css]
[cavistar.websitelayout.net/html/assets/libs/jarallax/dist/jarallax.css]
[cavistar.websitelayout.net/html/assets/libs/owl-carousel/dist/css/owl.video.play.png]
[cavistar.websitelayout.net/html/assets/libs/owl-carousel/dist/css/owl.carousel.min.css]
[cavistar.websitelayout.net/html/assets/libs/owl-carousel/dist/css/owl.theme.default.min.css]
[cavistar.websitelayout.net/html/assets/libs/quform/images/captcha-refresh-icon.png]
[cavistar.websitelayout.net/html/assets/libs/quform/images/default-loading.gif]
[cavistar.websitelayout.net/html/assets/libs/quform/images/error.png]
[cavistar.websitelayout.net/html/assets/libs/quform/images/success.png]
[cavistar.websitelayout.net/html/assets/libs/quform/images/help-icon.png]
[cavistar.websitelayout.net/html/assets/libs/quform/images/close.png]
[cavistar.websitelayout.net/html/assets/libs/quform/css/base.css]
[cavistar.websitelayout.net/html/assets/img/content/brush-img.png]
[cavistar.websitelayout.net/html/assets/css/theme.css]
[cavistar.websitelayout.net/html/assets/img/logos/logo.svg]
[cavistar.websitelayout.net/html/assets/libs/magnific-popup/magnific-popup.css]
[cavistar.websitelayout.net/html/assets/img/content/pattern-cover.png]
[cavistar.websitelayout.net/html/assets/video/down-time.mp4]
[cavistar.websitelayout.net/html/assets/img/content/business-01.jpg]
[cavistar.websitelayout.net/html/assets/img/content/business-03.jpg]
[cavistar.websitelayout.net/html/assets/img/content/business-02.jpg]
[cavistar.websitelayout.net/html/assets/img/team/01.jpg]
[cavistar.websitelayout.net/html/assets/img/team/02.jpg]
[cavistar.websitelayout.net/html/assets/img/team/03.jpg]
[cavistar.websitelayout.net/html/assets/img/team/04.jpg]
[cavistar.websitelayout.net/html/assets/img/banner/cover-05.jpg]
[cavistar.websitelayout.net/html/assets/img/blog/blog-01.jpg]
[cavistar.websitelayout.net/html/assets/img/blog/blog-02.jpg]
[cavistar.websitelayout.net/html/assets/libs/waypoints/waypoints.min.js]
[cavistar.websitelayout.net/html/assets/libs/countup/jquery.counterup.min.js]
[cavistar.websitelayout.net/html/business.html]
[cavistar.websitelayout.net/html/assets/libs/magnific-popup/jquery.magnific-popup.min.js]
[cavistar.websitelayout.net/html/assets/img/banner/banner-startup.png]
[cavistar.websitelayout.net/html/assets/img/content/about.jpg]
[cavistar.websitelayout.net/html/assets/img/testmonials/t-2.jpg]
[cavistar.websitelayout.net/html/assets/img/testmonials/t-3.jpg]
[cavistar.websitelayout.net/html/assets/img/partners/facebook.png]
[cavistar.websitelayout.net/html/assets/img/partners/microsoft.png]
[cavistar.websitelayout.net/html/assets/img/partners/linkedin.png]
[cavistar.websitelayout.net/html/assets/img/partners/paypal.png]
[cavistar.websitelayout.net/html/assets/img/partners/youtube.png]
[cavistar.websitelayout.net/html/assets/img/banner/cover-01.jpg]
[cavistar.websitelayout.net/html/startup.html]
[cavistar.websitelayout.net/html/assets/img/banner/slide-04.jpg]
[cavistar.websitelayout.net/html/assets/img/banner/slide-05.jpg]
[cavistar.websitelayout.net/html/assets/img/banner/slide-06.jpg]
[cavistar.websitelayout.net/html/classic.html]
[cavistar.websitelayout.net/html/assets/libs/animated-headline/css/style.css]
[cavistar.websitelayout.net/html/assets/img/banner/video-cover.jpg]
[cavistar.websitelayout.net/html/assets/img/content/sass-content-02.png]
[cavistar.websitelayout.net/html/assets/libs/jarallax/dist/jarallax-video.js]
[cavistar.websitelayout.net/html/assets/libs/animated-headline/js/modernizr.js]
[cavistar.websitelayout.net/html/assets/libs/animated-headline/js/main.js]
[cavistar.websitelayout.net/html/marketing.html]
[cavistar.websitelayout.net/html/assets/img/banner/banner-sass.png]
[cavistar.websitelayout.net/html/assets/img/content/sass-content-01.png]
[cavistar.websitelayout.net/html/assets/img/avatar/avatar-19.jpg]
[cavistar.websitelayout.net/html/assets/img/avatar/avatar-20.jpg]
[cavistar.websitelayout.net/html/assets/img/avatar/avatar-21.jpg]
[cavistar.websitelayout.net/html/saas.html]
[cavistar.websitelayout.net/html/assets/img/banner/app-01.png]
[cavistar.websitelayout.net/html/assets/img/content/app-01.png]
[cavistar.websitelayout.net/html/assets/img/testmonials/t-1.jpg]
[cavistar.websitelayout.net/html/assets/img/content/app-02.png]
[cavistar.websitelayout.net/html/assets/img/testmonials/t-10.jpg]
[cavistar.websitelayout.net/html/assets/img/testmonials/t-11.jpg]
[cavistar.websitelayout.net/html/mobile-app.html]
[cavistar.websitelayout.net/html/assets/img/content/about-01.jpg]
[cavistar.websitelayout.net/html/assets/img/content/about-02.jpg]
[cavistar.websitelayout.net/html/assets/img/content/about-03.jpg]
[cavistar.websitelayout.net/html/assets/img/content/about-04.jpg]
[cavistar.websitelayout.net/html/assets/img/team/05.jpg]
[cavistar.websitelayout.net/html/assets/img/team/06.jpg]
[cavistar.websitelayout.net/html/assets/img/team/07.jpg]
[cavistar.websitelayout.net/html/assets/img/team/08.jpg]
[cavistar.websitelayout.net/html/assets/img/avatar/avatar-07.jpg]
[cavistar.websitelayout.net/html/assets/img/avatar/avatar-08.jpg]
[cavistar.websitelayout.net/html/about.html]
[cavistar.websitelayout.net/html/assets/img/avatar/avatar-09.jpg]
[cavistar.websitelayout.net/html/assets/img/content/about-banner.jpg]
[cavistar.websitelayout.net/html/about-2.html]
[cavistar.websitelayout.net/html/assets/img/content/career-02.jpg]
[cavistar.websitelayout.net/html/assets/img/content/career-03.jpg]
[cavistar.websitelayout.net/html/assets/img/content/career-01.jpg]
[cavistar.websitelayout.net/html/careers.html]
[cavistar.websitelayout.net/html/assets/img/banner/cover-06.jpg]
[cavistar.websitelayout.net/html/assets/img/banner/cover-04.jpg]
[cavistar.websitelayout.net/html/assets/libs/quform/images/captcha/courier-new-light.png]
[cavistar.websitelayout.net/html/career-single.html]
[cavistar.websitelayout.net/html/assets/img/portfolio/slide-1.jpg]
[cavistar.websitelayout.net/html/assets/img/portfolio/case-study-01.jpg]
[cavistar.websitelayout.net/html/assets/img/portfolio/case-study-02.jpg]
[cavistar.websitelayout.net/html/assets/img/portfolio/case-study-03.jpg]
[cavistar.websitelayout.net/html/assets/img/portfolio/case-study-04.jpg]
[cavistar.websitelayout.net/html/case-study.html]
[cavistar.websitelayout.net/html/assets/img/banner/cover-03.jpg]
[cavistar.websitelayout.net/html/help-center-home.html]
[cavistar.websitelayout.net/html/help-center-category.html]
[cavistar.websitelayout.net/html/assets/img/avatar/avatar-03.jpg]
[cavistar.websitelayout.net/html/assets/img/content/content-01.jpg]
[cavistar.websitelayout.net/html/assets/img/avatar/avatar-12.jpg]
[cavistar.websitelayout.net/html/assets/img/avatar/avatar-13.jpg]
[cavistar.websitelayout.net/html/assets/img/avatar/avatar-14.jpg]
[cavistar.websitelayout.net/html/assets/img/avatar/avatar-15.jpg]
[cavistar.websitelayout.net/html/help-center-article.html]
[cavistar.websitelayout.net/html/assets/img/partners/netflix.png]
[cavistar.websitelayout.net/html/assets/img/partners/pinterest.png]
[cavistar.websitelayout.net/html/assets/img/partners/amazon.png]
[cavistar.websitelayout.net/html/assets/img/partners/twitter.png]
[cavistar.websitelayout.net/html/pricing-1.html]
[cavistar.websitelayout.net/html/pricing-2.html]
[cavistar.websitelayout.net/html/assets/libs/easy-responsive-tabs/css/easy-responsive-tabs.css]
[cavistar.websitelayout.net/html/assets/img/partners/01.jpg]
[cavistar.websitelayout.net/html/assets/img/partners/02.jpg]
[cavistar.websitelayout.net/html/assets/img/partners/03.jpg]
[cavistar.websitelayout.net/html/assets/libs/easy-responsive-tabs/js/easyResponsiveTabs.js]
[cavistar.websitelayout.net/html/account-settings.html]
[cavistar.websitelayout.net/html/account-invoice.html]
[cavistar.websitelayout.net/html/login.html]
[cavistar.websitelayout.net/html/assets/img/content/vericla-cover.jpg]
[cavistar.websitelayout.net/html/login-cover.html]
[cavistar.websitelayout.net/html/register.html]
[cavistar.websitelayout.net/html/register-cover.html]
[cavistar.websitelayout.net/html/password-recovery.html]
[cavistar.websitelayout.net/html/password-recovery-cover.html]
[cavistar.websitelayout.net/html/assets/img/content/coming-soon.png]
[cavistar.websitelayout.net/html/coming-soon.html]
[cavistar.websitelayout.net/html/assets/libs/count-down/countdown.js]
[cavistar.websitelayout.net/html/legal-terms.html]
[cavistar.websitelayout.net/html/assets/img/content/404.png]
[cavistar.websitelayout.net/html/404.html]
[cavistar.websitelayout.net/html/assets/img/blog/blog-05.jpg]
[cavistar.websitelayout.net/html/assets/img/testmonials/t-4.jpg]
[cavistar.websitelayout.net/html/assets/img/blog/blog-06.jpg]
[cavistar.websitelayout.net/html/assets/img/testmonials/t-5.jpg]
[cavistar.websitelayout.net/html/assets/img/blog/blog-07.jpg]
[cavistar.websitelayout.net/html/assets/img/testmonials/t-6.jpg]
[cavistar.websitelayout.net/html/assets/img/blog/blog-08.jpg]
[cavistar.websitelayout.net/html/assets/img/testmonials/t-7.jpg]
[cavistar.websitelayout.net/html/assets/img/blog/blog-09.jpg]
[cavistar.websitelayout.net/html/assets/img/testmonials/t-8.jpg]
[cavistar.websitelayout.net/html/assets/img/blog/blog-10.jpg]
[cavistar.websitelayout.net/html/blog-grid.html]
[cavistar.websitelayout.net/html/assets/img/testmonials/t-9.jpg]
[cavistar.websitelayout.net/html/assets/img/banner/cover-07.jpg]
[cavistar.websitelayout.net/html/assets/img/blog/blog-content-01.jpg]
[cavistar.websitelayout.net/html/assets/img/avatar/avatar-10.jpg]
[cavistar.websitelayout.net/html/assets/img/avatar/avatar-16.jpg]
[cavistar.websitelayout.net/html/assets/img/avatar/avatar-17.jpg]
[cavistar.websitelayout.net/html/assets/img/avatar/avatar-18.jpg]
[cavistar.websitelayout.net/html/assets/img/avatar/avatar-11.jpg]
[cavistar.websitelayout.net/html/blog-detail.html]
[cavistar.websitelayout.net/html/assets/img/banner/cover-02.jpg]
[cavistar.websitelayout.net/html/contact.html]
[cavistar.websitelayout.net/html/assets/libs/map/map.js]
[cavistar.websitelayout.net/html/contact-2.html]
[cavistar.websitelayout.net/html/assets/img/svg/file-text.svg]
[cavistar.websitelayout.net/html/assets/img/svg/grid.svg]
[cavistar.websitelayout.net/html/assets/img/svg/help-circle.svg]
[cavistar.websitelayout.net/html/assets/img/content/solution.svg]
[cavistar.websitelayout.net/html/assets/img/logos/logo-white.svg]
[cavistar.websitelayout.net/html/assets/libs/font-awesome/webfonts/fa-brands-400.svg]
[cavistar.websitelayout.net/html/assets/libs/font-awesome/webfonts/fa-regular-400.svg]
[cavistar.websitelayout.net/html/assets/libs/font-awesome/webfonts/fa-solid-900.svg]
[cavistar.websitelayout.net/html/assets/libs/magnific-popup/magnific-popup.css]
[cavistar.websitelayout.net/html/assets/img/svg/arrow-right.svg]
[cavistar.websitelayout.net/html/assets/img/svg/play.svg]
[cavistar.websitelayout.net/html/assets/img/logos/logo-gray.svg]
[cavistar.websitelayout.net/html/assets/img/svg/phone.svg]
[cavistar.websitelayout.net/html/assets/img/svg/mail.svg]
[cavistar.websitelayout.net/html/assets/img/svg/map-pin.svg]
[cavistar.websitelayout.net/html/assets/img/content/img-01.svg]
[cavistar.websitelayout.net/html/assets/img/content/img-02.svg]
[cavistar.websitelayout.net/html/assets/img/content/img-03.svg]
[cavistar.websitelayout.net/html/assets/libs/animated-headline/css/style.css]
[cavistar.websitelayout.net/html/assets/img/svg/check-square.svg]
[cavistar.websitelayout.net/html/assets/img/svg/copy.svg]
[cavistar.websitelayout.net/html/assets/img/svg/edit.svg]
[cavistar.websitelayout.net/html/assets/img/svg/check.svg]
[cavistar.websitelayout.net/html/assets/img/svg/bar-chart-2.svg]
[cavistar.websitelayout.net/html/assets/img/svg/layers.svg]
[cavistar.websitelayout.net/html/assets/img/svg/minimize.svg]
[cavistar.websitelayout.net/html/assets/img/svg/crop.svg]
[cavistar.websitelayout.net/html/assets/img/svg/user.svg]
[cavistar.websitelayout.net/html/assets/img/svg/lock.svg]
[cavistar.websitelayout.net/html/assets/img/svg/box.svg]
[cavistar.websitelayout.net/html/assets/img/svg/airplay.svg]
[cavistar.websitelayout.net/html/assets/img/svg/globe.svg]
[cavistar.websitelayout.net/html/assets/img/svg/message-circle.svg]
[cavistar.websitelayout.net/html/assets/img/svg/smartphone.svg]
[cavistar.websitelayout.net/html/assets/img/svg/pie-chart.svg]
[cavistar.websitelayout.net/html/assets/img/svg/star.svg]
[cavistar.websitelayout.net/html/assets/img/svg/settings.svg]
[cavistar.websitelayout.net/html/assets/img/svg/zap.svg]
[cavistar.websitelayout.net/html/assets/img/svg/trending-up.svg]
[cavistar.websitelayout.net/html/assets/img/svg/share-2.svg]
[cavistar.websitelayout.net/html/assets/img/svg/search.svg]
[cavistar.websitelayout.net/html/assets/img/content/help-01.svg]
[cavistar.websitelayout.net/html/assets/img/content/help-02.svg]
[cavistar.websitelayout.net/html/assets/img/content/help-03.svg]
[cavistar.websitelayout.net/html/assets/img/content/help-04.svg]
[cavistar.websitelayout.net/html/assets/img/content/help-05.svg]
[cavistar.websitelayout.net/html/assets/img/content/help-06.svg]
[cavistar.websitelayout.net/html/assets/img/content/help-07.svg]
[cavistar.websitelayout.net/html/assets/img/content/help-08.svg]
[cavistar.websitelayout.net/html/assets/img/content/help-09.svg]
[cavistar.websitelayout.net/html/assets/img/svg/arrow-left.svg]
[cavistar.websitelayout.net/html/assets/img/svg/thumbs-up.svg]
[cavistar.websitelayout.net/html/assets/img/svg/thumbs-down.svg]
[cavistar.websitelayout.net/html/assets/img/svg/x.svg]
[cavistar.websitelayout.net/html/assets/libs/easy-responsive-tabs/css/easy-responsive-tabs.css]
[cavistar.websitelayout.net/html/assets/img/svg/info.svg]
